// Jest Snapshot v1, https://goo.gl/fbAQLP

exports[`renders without crashing 1`] = `
<Contacts
  ContactsStore={
    Object {
      "contacts": Array [
        Object {
          "id": 1,
          "name": "Kelsey",
          "username": "@kellly",
        },
        Object {
          "id": 2,
          "name": "John",
          "username": "@danJ",
        },
      ],
    }
  }
/>
`;

exports[`without component 1`] = `<inject-Contacts-with-ContactsStore />`;
